labuser@labuser-virtual-machine:~$ git --version
git version 2.34.1
labuser@labuser-virtual-machine:~$ mkdir test1
labuser@labuser-virtual-machine:~$ cd test1
labuser@labuser-virtual-machine:~/test1$ git init
Initialized empty Git repository in /home/labuser/test1/.git/
labuser@labuser-virtual-machine:~/test1$ git config --global init.defaultBranch master
labuser@labuser-virtual-machine:~/test1$ git init
Reinitialized existing Git repository in /home/labuser/test1/.git/
labuser@labuser-virtual-machine:~/test1$ echo "test1">test1
labuser@labuser-virtual-machine:~/test1$ ls
test1
labuser@labuser-virtual-machine:~/test1$ git status
On branch master

No commits yet

Untracked files:
  (use "git add <file>..." to include in what will be committed)
	test1

nothing added to commit but untracked files present (use "git add" to track)
labuser@labuser-virtual-machine:~/test1$ git add .
labuser@labuser-virtual-machine:~/test1$ git commit -m "change1"
[master (root-commit) 53c5671] change1
 1 file changed, 1 insertion(+)
 create mode 100644 test1
labuser@labuser-virtual-machine:~/test1$ git remote add origin https://github.com/Chandana-priya2002/Ganesh.git
labuser@labuser-virtual-machine:~/test1$ git remote -v
origin	https://github.com/Chandana-priya2002/Ganesh.git (fetch)
origin	https://github.com/Chandana-priya2002/Ganesh.git (push)
labuser@labuser-virtual-machine:~/test1$ git push -u origin master
Username for 'https://github.com': Chandana-priya2002
Password for 'https://Chandana-priya2002@github.com': 
Enumerating objects: 3, done.
Counting objects: 100% (3/3), done.
Writing objects: 100% (3/3), 222 bytes | 222.00 KiB/s, done.
Total 3 (delta 0), reused 0 (delta 0), pack-reused 0
To https://github.com/Chandana-priya2002/Ganesh.git
 * [new branch]      master -> master
Branch 'master' set up to track remote branch 'master' from 'origin'.
labuser@labuser-virtual-machine:~/test1$ git push -u origin master
Username for 'https://github.com': Chandana-priya2002
Password for 'https://Chandana-priya2002@github.com': 
Branch 'master' set up to track remote branch 'master' from 'origin'.
Everything up-to-date
labuser@labuser-virtual-machine:~/test1$ ls
test1
labuser@labuser-virtual-machine:~/test1$ nano test1
labuser@labuser-virtual-machine:~/test1$ git add .
labuser@labuser-virtual-machine:~/test1$ git commit -m "change2"
[master 3598e4e] change2
 1 file changed, 2 insertions(+), 1 deletion(-)
labuser@labuser-virtual-machine:~/test1$ git push -u origin master
Username for 'https://github.com': Chandana-priya2002
Password for 'https://Chandana-priya2002@github.com': 
Enumerating objects: 5, done.
Counting objects: 100% (5/5), done.
Writing objects: 100% (3/3), 251 bytes | 251.00 KiB/s, done.
Total 3 (delta 0), reused 0 (delta 0), pack-reused 0
To https://github.com/Chandana-priya2002/Ganesh.git
   53c5671..3598e4e  master -> master
Branch 'master' set up to track remote branch 'master' from 'origin'.
labuser@labuser-virtual-machine:~/test1$ git branch
* master
labuser@labuser-virtual-machine:~/test1$ git branch devops1
labuser@labuser-virtual-machine:~/test1$ git checkout devops1
Switched to branch 'devops1'
labuser@labuser-virtual-machine:~/test1$ git branch
* devops1
  master
labuser@labuser-virtual-machine:~/test1$ echo "test3">file1
labuser@labuser-virtual-machine:~/test1$ echo "test4">file2
labuser@labuser-virtual-machine:~/test1$ ls -li
total 12
6030402 -rw-rw-r-- 1 labuser labuser 6 Dec 14 06:14 file1
6030466 -rw-rw-r-- 1 labuser labuser 6 Dec 14 06:14 file2
6030237 -rw-rw-r-- 1 labuser labuser 7 Dec 14 06:12 test1
labuser@labuser-virtual-machine:~/test1$ git add .
labuser@labuser-virtual-machine:~/test1$ git commit -m "change4"
[devops1 fc66a38] change4
 2 files changed, 2 insertions(+)
 create mode 100644 file1
 create mode 100644 file2
labuser@labuser-virtual-machine:~/test1$ git push -u origin devops1
Username for 'https://github.com': Chandana-priya2002
Password for 'https://Chandana-priya2002@github.com': 
Enumerating objects: 5, done.
Counting objects: 100% (5/5), done.
Delta compression using up to 4 threads
Compressing objects: 100% (2/2), done.
Writing objects: 100% (4/4), 321 bytes | 321.00 KiB/s, done.
Total 4 (delta 0), reused 0 (delta 0), pack-reused 0
remote: 
remote: Create a pull request for 'devops1' on GitHub by visiting:
remote:      https://github.com/Chandana-priya2002/Ganesh/pull/new/devops1
remote: 
To https://github.com/Chandana-priya2002/Ganesh.git
 * [new branch]      devops1 -> devops1
Branch 'devops1' set up to track remote branch 'devops1' from 'origin'.
labuser@labuser-virtual-machine:~/test1$ git branch
* devops1
  master
labuser@labuser-virtual-machine:~/test1$ git checkout master
Switched to branch 'master'
Your branch is up to date with 'origin/master'.
labuser@labuser-virtual-machine:~/test1$ git merge devops1
Updating 3598e4e..fc66a38
Fast-forward
 file1 | 1 +
 file2 | 1 +
 2 files changed, 2 insertions(+)
 create mode 100644 file1
 create mode 100644 file2
labuser@labuser-virtual-machine:~/test1$ git log -p
commit fc66a38b0ac008ce9fe4fc7ca30729f85bf8cd6e (HEAD -> master, origin/devops1, devops1)
Author: David Robichaud <david.robichaud@skillsoft.com>
Date:   Sat Dec 14 06:15:36 2024 -0500

    change4

diff --git a/file1 b/file1
new file mode 100644
index 0000000..df6b0d2
--- /dev/null
+++ b/file1
@@ -0,0 +1 @@
+test3
diff --git a/file2 b/file2
new file mode 100644
index 0000000..d234c5e
--- /dev/null
+++ b/file2
@@ -0,0 +1 @@
+test4

commit 3598e4e978eb6548b5f9255e2da303a9d53987d7 (originlabuser@labuser-virtual-machine:~/test1$ git log --oneline
fc66a38 (HEAD -> master, origin/devops1, devops1) change4
3598e4e (origin/master) change2
53c5671 change1
labuser@labuser-virtual-machine:~/test1$ cd
labuser@labuser-virtual-machine:~$ git clone ^[[200~https://github.com/Chandana-priya2002/Ganesh.git~
Cloning into 'Ganesh.git~'...
fatal: protocol '?[200~https' is not supported
labuser@labuser-virtual-machine:~$ git clone https://github.com/Chandana-priya2002/Ganesh.git
Cloning into 'Ganesh'...
remote: Enumerating objects: 10, done.
remote: Counting objects: 100% (10/10), done.
remote: Compressing objects: 100% (4/4), done.
remote: Total 10 (delta 1), reused 9 (delta 0), pack-reused 0 (from 0)
Receiving objects: 100% (10/10), done.
Resolving deltas: 100% (1/1), done.
labuser@labuser-virtual-machine:~$ ls -li
total 60
6029410 drwxr-xr-x 2 labuser labuser 4096 Sep 12  2023 Desktop
6029414 drwxr-xr-x 3 labuser labuser 4096 Dec 15  2023 Documents
6029411 drwxr-xr-x 2 labuser labuser 4096 Dec 18  2023 Downloads
6036475 -rw-rw-r-- 1 labuser labuser   53 Dec 18  2023 execute.yml
6031748 drwxrwxr-x 3 labuser labuser 4096 Dec 14 06:19 Ganesh
6029415 drwxr-xr-x 2 labuser labuser 4096 Sep 12  2023 Music
6029416 drwxr-xr-x 2 labuser labuser 4096 Sep 12  2023 Pictures
6029413 drwxr-xr-x 2 labuser labuser 4096 Sep 12  2023 Public
6030259 drwxrwxr-x 2 labuser labuser 4096 Dec 18  2023 repos
6029322 drwx------ 6 labuser labuser 4096 Dec 15  2023 snap
6029412 drwxr-xr-x 2 labuser labuser 4096 Sep 12  2023 Templates
6030192 drwxrwxr-x 3 labuser labuser 4096 Dec 14 06:17 test1
6291491 drwxrwxr-x 3 labuser labuser 4096 Dec 14 05:59 text
6291490 drwxrwxr-x 2 labuser labuser 4096 Dec 14 05:56 text1
6029418 drwxr-xr-x 2 labuser labuser 4096 Sep 12  2023 Videos
labuser@labuser-virtual-machine:~$ cd Ganesh
labuser@labuser-virtual-machine:~/Ganesh$ ls
test1
labuser@labuser-virtual-machine:~/Ganesh$ mkdir dev1
labuser@labuser-virtual-machine:~/Ganesh$ cd dev1
labuser@labuser-virtual-machine:~/Ganesh/dev1$ git pull https://github.com/Chandana-priya2002/Ganesh.git
From https://github.com/Chandana-priya2002/Ganesh
 * branch            HEAD       -> FETCH_HEAD
Already up to date.
labuser@labuser-virtual-machine:~/Ganesh/dev1$ git init
 
Initialized empty Git repository in /home/labuser/Ganesh/dev1/.git/
labuser@labuser-virtual-machine:~/Ganesh/dev1$ 
labuser@labuser-virtual-machine:~/Ganesh/dev1$ git remote -v
labuser@labuser-virtual-machine:~/Ganesh/dev1$ git pull https://github.com/Chandana-priya2002/Ganesh.git
remote: Enumerating objects: 6, done.
remote: Counting objects: 100% (6/6), done.
remote: Compressing objects: 100% (2/2), done.
remote: Total 6 (delta 1), reused 5 (delta 0), pack-reused 0 (from 0)
Unpacking objects: 100% (6/6), 381 bytes | 381.00 KiB/s, done.
From https://github.com/Chandana-priya2002/Ganesh
 * branch            HEAD       -> FETCH_HEAD
labuser@labuser-virtual-machine:~/Ganesh/dev1$ branch
Command 'branch' not found, but can be installed with:
sudo apt install rheolef
labuser@labuser-virtual-machine:~/Ganesh/dev1$ git branch
* master
labuser@labuser-virtual-machine:~/Ganesh/dev1$ ls -li
total 4
6031845 -rw-rw-r-- 1 labuser labuser 7 Dec 14 06:21 test1
labuser@labuser-virtual-machine:~/Ganesh/dev1$ git branch m1
labuser@labuser-virtual-machine:~/Ganesh/dev1$ git checkout m1
Switched to branch 'm1'
labuser@labuser-virtual-machine:~/Ganesh/dev1$ echo "apple1">fruit
labuser@labuser-virtual-machine:~/Ganesh/dev1$ ls
fruit  test1
labuser@labuser-virtual-machine:~/Ganesh/dev1$ git checkout m1
Already on 'm1'
labuser@labuser-virtual-machine:~/Ganesh/dev1$ ls
fruit  test1
labuser@labuser-virtual-machine:~/Ganesh/dev1$ git rebase master
Current branch m1 is up to date.
labuser@labuser-virtual-machine:~/Ganesh/dev1$ 

